65452
56775
50905
67946
24528
17260
8502
42146
36447
57379
