10515
41808
9889
47941
89689
69326
59844
53810
71556
25913
