56860
92071
9448
100125
70995
70552
85932
71524
33797
37217
