20321
114611
108292
73514
4987
41769
75994
50860
121786
95769
