65474
56483
50937
67601
24586
17119
8485
42029
36174
57296
