22486
91011
68503
62720
24711
28982
38137
1731
97203
