10199
105344
74927
74317
90871
75312
35785
39110
30398
64053
