4999960009
4999951004
4999950104
4999970010
4999980008
4999990011
5000000010
5000010009
5000020011
5000030012