31926
49451
25479
93693
106829
55803
121063
108192
