117154
9558
100029
71071
70464
86006
71545
34126
37183
