78766
34715
20498
63417
79372
26491
64272
21687
87916
66249
