46504
412
74373
65438
100592
22127
9327
99408
70540
69968
