68121
62384
24744
28809
38071
1753
96811
42989
412
