107404
56156
90717
115539
80347
69012
70441
18185
111938
