22463
9455
100059
71162
70421
86110
71425
33861
37407
28787
