73096
72544
88591
73487
34778
38482
29776
62646
9560
