21528
119100
19963
112349
106198
71984
4832
40960
