73058
72104
88191
73221
34696
38272
29538
62292
9539
