13 16 12 16 17 20 15 16 13 13 13 13 18 14 18 20 18 20 19 20
